// Jest Snapshot v1, https://goo.gl/fbAQLP

exports[`config/redirects renders all current redirect 1`] = `
Array [
  Object {
    "destination": "/app/login/",
    "permanent": true,
    "source": "/login/",
  },
]
`;
